
======================================
✅ TOKEN MIS À JOUR AUTOMATIQUEMENT
======================================
Date: 2025-12-27T13:10:03.356Z
Token: eyJhbGciOiJIUzUxMiJ9.eyJzdWIiOiJjYWlzc2Vfc2VuY3N1I...
Prochaine mise à jour: 2025-12-27T18:10:03.356Z
======================================


======================================
✅ TOKEN MIS À JOUR AUTOMATIQUEMENT
======================================
Date: 2025-12-29T09:02:45.686Z
Token: eyJhbGciOiJIUzUxMiJ9.eyJzdWIiOiJjYWlzc2Vfc2VuY3N1I...
Prochaine mise à jour: 2025-12-29T14:02:45.686Z
======================================


======================================
✅ TOKEN MIS À JOUR AUTOMATIQUEMENT
======================================
Date: 2025-12-30T12:24:10.728Z
Token: eyJhbGciOiJIUzUxMiJ9.eyJzdWIiOiJjYWlzc2Vfc2VuY3N1I...
Prochaine mise à jour: 2025-12-30T17:24:10.728Z
======================================


======================================
✅ TOKEN MIS À JOUR AUTOMATIQUEMENT
======================================
Date: 2026-01-06T17:02:53.612Z
Token: eyJhbGciOiJIUzUxMiJ9.eyJzdWIiOiJjYWlzc2Vfc2VuY3N1I...
Prochaine mise à jour: 2026-01-06T22:02:53.612Z
======================================


======================================
✅ TOKEN MIS À JOUR AUTOMATIQUEMENT
======================================
Date: 2026-01-07T11:59:45.607Z
Token: eyJhbGciOiJIUzUxMiJ9.eyJzdWIiOiJjYWlzc2Vfc2VuY3N1I...
Prochaine mise à jour: 2026-01-07T16:59:45.608Z
======================================


======================================
✅ TOKEN MIS À JOUR AUTOMATIQUEMENT
======================================
Date: 2026-01-08T10:05:11.143Z
Token: eyJhbGciOiJIUzUxMiJ9.eyJzdWIiOiJjYWlzc2Vfc2VuY3N1I...
Prochaine mise à jour: 2026-01-08T15:05:11.143Z
======================================


======================================
✅ TOKEN MIS À JOUR AUTOMATIQUEMENT
======================================
Date: 2026-01-14T10:26:39.919Z
Token: eyJhbGciOiJIUzUxMiJ9.eyJzdWIiOiJjYWlzc2Vfc2VuY3N1I...
Prochaine mise à jour: 2026-01-14T15:26:39.919Z
======================================


======================================
✅ TOKEN MIS À JOUR AUTOMATIQUEMENT
======================================
Date: 2026-01-16T08:44:11.328Z
Token: eyJhbGciOiJIUzUxMiJ9.eyJzdWIiOiJjYWlzc2Vfc2VuY3N1I...
Prochaine mise à jour: 2026-01-16T13:44:11.328Z
======================================



======================================
✅ TOKEN MIS À JOUR AUTOMATIQUEMENT
=====================================
Date: 2026-04-14T12:12:30.992Z
Token: eyJhbGciOiJIUzUxMiJ9.eyJzdWIiOiJjYWlzc2Vfc2VuY3N1I...
Prochaine mise à jour: 2026-04-14T17:12:30.992Z
======================================


======================================
✅ TOKEN MIS À JOUR AUTOMATIQUEMENT
=====================================
Date: 2026-04-14T12:53:22.527Z
Token: eyJhbGciOiJIUzUxMiJ9.eyJzdWIiOiJjYWlzc2Vfc2VuY3N1I...
Prochaine mise à jour: 2026-04-14T17:53:22.528Z
======================================


======================================
✅ TOKEN MIS À JOUR AUTOMATIQUEMENT
=====================================
Date: 2026-04-14T12:56:38.955Z
Token: eyJhbGciOiJIUzUxMiJ9.eyJzdWIiOiJjYWlzc2Vfc2VuY3N1I...
Prochaine mise à jour: 2026-04-14T17:56:38.955Z
======================================


======================================
✅ TOKEN MIS À JOUR AUTOMATIQUEMENT
=====================================
Date: 2026-04-19T20:10:13.617Z
Token: eyJhbGciOiJIUzUxMiJ9.eyJzdWIiOiJjYWlzc2Vfc2VuY3N1I...
Prochaine mise à jour: 2026-04-20T01:10:13.617Z
======================================


======================================
✅ TOKEN MIS À JOUR AUTOMATIQUEMENT
=====================================
Date: 2026-04-19T20:22:20.353Z
Token: eyJhbGciOiJIUzUxMiJ9.eyJzdWIiOiJjYWlzc2Vfc2VuY3N1I...
Prochaine mise à jour: 2026-04-20T01:22:20.353Z
======================================


======================================
✅ TOKEN MIS À JOUR AUTOMATIQUEMENT
=====================================
Date: 2026-04-19T20:25:57.685Z
Token: eyJhbGciOiJIUzUxMiJ9.eyJzdWIiOiJjYWlzc2Vfc2VuY3N1I...
Prochaine mise à jour: 2026-04-20T01:25:57.685Z
======================================


======================================
✅ TOKEN MIS À JOUR AUTOMATIQUEMENT
=====================================
Date: 2026-04-19T21:06:46.181Z
Token: eyJhbGciOiJIUzUxMiJ9.eyJzdWIiOiJjYWlzc2Vfc2VuY3N1I...
Prochaine mise à jour: 2026-04-20T02:06:46.181Z
======================================


======================================
✅ TOKEN MIS À JOUR AUTOMATIQUEMENT
=====================================
Date: 2026-04-23T15:01:53.445Z
Token: eyJhbGciOiJIUzUxMiJ9.eyJzdWIiOiJjYWlzc2Vfc2VuY3N1I...
Prochaine mise à jour: 2026-04-23T20:01:53.445Z
======================================

